accessors found: 464
distinct declaration values: 35

=== the distribution (a SYNTHESIZED default would be ONE value for all of them) ===

  count 263    first seen on property ?
  repr: 'VAR\nEND_VAR\n'

  count 107    first seen on property ?
  repr: ''

  count 14     first seen on property ?
  repr: 'PUBLIC\nVAR\nEND_VAR\n'

  count 12     first seen on property ?
  repr: 'PROTECTED\nVAR\nEND_VAR\n'

  count 11     first seen on property ?
  repr: 'PRIVATE\nVAR\nEND_VAR\n'

  count 7      first seen on property ?
  repr: '// Set the output (=True)\nMETHOD Set : BOOL\n'

  count 6      first seen on property ?
  repr: '\nVAR\nEND_VAR\n'

  count 5      first seen on property ?
  repr: 'VAR\n\tCassetteId\t: USINT;\nEND_VAR\n'

  count 3      first seen on property ?
  repr: "{attribute 'hide'}\nMETHOD PUBLIC Set : BOOL\n"

  count 3      first seen on property ?
  repr: '// Set the output (=True)\nMETHOD PUBLIC Set : BOOL\n'

  count 2      first seen on property ?
  repr: 'VAR\n\ti, j\t: USINT;\nEND_VAR\n'

  count 2      first seen on property ?
  repr: 'VAR\n\ti\t\t\t: UINT;\nEND_VAR\n'

  count 2      first seen on property ?
  repr: "// Set the output (=True)\n{attribute 'hide'}\nMETHOD Set : BOOL\n"

  count 2      first seen on property ?
  repr: 'PUBLIC\nVAR\n\ti\t\t\t: UINT;\nEND_VAR\n'

  count 2      first seen on property ?
  repr: 'VAR\n\ti\t: INT;\nEND_VAR\n'

  count 2      first seen on property ?
  repr: 'VAR\n\ti\t: USINT;\nEND_VAR\n'

  count 2      first seen on property ?
  repr: 'VAR\n\ti\t: INT;\nEND_VAR'

  count 2      first seen on property ?
  repr: '// Set Brink timer\nMETHOD PUBLIC Set : BOOL\nVAR_INPUT\n\tIn\t: BOOL;\t// Starts timer with rising edge, stops timer with falling edge\n\tPt\t: REAL;\t// Time to pass (in sec.), before Q is set\nEND_VAR\n'

  count 1      first seen on property ?
  repr: 'VAR\nEND_VAR\n\n// Determine the active and inactive drawer\n// Get interface to the currently active drawer\n'

  count 1      first seen on property ?
  repr: 'VAR\n\trVelInMpS\t: REAL;\nEND_VAR\n'

  count 1      first seen on property ?
  repr: 'VAR\n\tCassetteId\t\t: USINT;\nEND_VAR\n'

  count 1      first seen on property ?
  repr: '// Set the output (=False, because inverted!)\nMETHOD Set\n'

  count 1      first seen on property ?
  repr: 'VAR\n\ti\t\t\t: USINT;\n\tmaxIndex\t: UINT;\nEND_VAR\n'

  count 1      first seen on property ?
  repr: 'VAR\n\ti, j : UINT;\nEND_VAR\n'

  count 1      first seen on property ?
  repr: '\nPROTECTED\nVAR\nEND_VAR\n'

  count 1      first seen on property ?
  repr: "// Set the output (=True)\n{attribute 'hide'}\nMETHOD PUBLIC Set : BOOL\n"

  count 1      first seen on property ?
  repr: '// Start pulsating the output.\nMETHOD Set : BOOL\n'

  count 1      first seen on property ?
  repr: 'METHOD Set : BOOL\n'

  count 1      first seen on property ?
  repr: 'VAR\n\ti\t: USINT;\n\tj\t: USINT;\nEND_VAR\n'

  count 1      first seen on property ?
  repr: 'VAR_INST\n\tTr_ManualFunction : R_TRIG;\nEND_VAR\n'

  count 1      first seen on property ?
  repr: 'VAR\n\ti\t\t\t: UINT;\n\tj\t\t\t: USINT;\nEND_VAR\n'

  count 1      first seen on property ?
  repr: 'VAR\n\ti\t\t: USINT;\nEND_VAR\n'

  count 1      first seen on property ?
  repr: 'VAR\n\tCassetteId\t\t: USINT;\n\tHomingState\t\t: enumCassetteHomingState;\nEND_VAR\n'

  count 1      first seen on property ?
  repr: 'VAR\n\ti\t\t: INT;\nEND_VAR\n'

  count 1      first seen on property ?
  repr: '// Set the outputs (=True)\nMETHOD Set : BOOL\n'

done
