== AWA_Palletizer 09.project

== Bakon Nano new VISU v00_90.project
     none                     x4     

== Lenze_MID-S100_V5_00_602_T51.project
     none                     x323   
     Negation+Set             x128   
     Set                      x118   
     Return                   x1        <-- NOT PREVIOUSLY MEASURED

     PLCopen <coil> in ATD_FQI:
== Pro2193-94-95-96.project
     none                     x1     

== V71_PackML_Hauzer.project
     none                     x1     


=== HOW FAR THE WALK GOT (an empty census below means nothing only if these are non-zero) ===
  BoxTreeAssign                485
  POUs with a NetworkList      48
  network items                840
  networks                     427
  tree nodes                   4472
  tree nodes visited           9419
  trees                        840

=== node types seen inside the trees (top 25) ===
  Operand                              x3472
  BoxTreeOperand                       x3472
  BoxTreeBox                           x1350
  BoxTreeDemux                         x573
  BoxTreeAssign                        x485
  BoxTreeTerminator                    x50
  BoxTreeParallel                      x17

=== ALL PROJECTS: assignment-target flag combos ===
  none                     x329     57.12%
  Negation+Set             x128     22.22%
  Set                      x118     20.49%
  Return                   x1        0.17%   <-- AssignOp CANNOT RENDER THIS

=== every unmeasured target, in full (1) ===
  Lenze_MID-S100_V5_00_602_T51 ATD_FQI                      Return                   ???

done
