A = Pro2193-94-95-96_COdesys.project
B = CodesysTestProject.project

== 0. no project open
     Disabled warnings        (null)
     Max compiler warnings    100
     Replace constants        on
     UTF-8 encoding           off
     Warnings as errors       (null)
     service id               ConfigurationService#135

== 1. A open
     Disabled warnings        C0371
     Max compiler warnings    100
     Replace constants        on
     UTF-8 encoding           off
     Warnings as errors       (null)
     service id               ConfigurationService#135

== 2. A closed, nothing open
     Disabled warnings        (null)
     Max compiler warnings    100
     Replace constants        on
     UTF-8 encoding           off
     Warnings as errors       (null)
     service id               ConfigurationService#135

== 3. B open (A was open before it)
     Disabled warnings        (null)
     Max compiler warnings    100
     Replace constants        on
     UTF-8 encoding           on
     Warnings as errors       (null)
     service id               ConfigurationService#135

== 4. A open again (B was open before it)
     Disabled warnings        C0371
     Max compiler warnings    100
     Replace constants        on
     UTF-8 encoding           off
     Warnings as errors       (null)
     service id               ConfigurationService#135

=== THE VERDICT ===
  Disabled warnings       A=C0371          B=(null)         A again=C0371
  UTF-8 encoding          A=off            B=on             A again=off

PER-PROJECT: each project reported its own values, so the provider follows the load. The
singleton is a singleton SERVICE over per-project state, not shared state.

(service id across stages: ConfigurationService#135 / ConfigurationService#135 / ConfigurationService#135 / ConfigurationService#135 / ConfigurationService#135)

done
