
=== BEFORE - the shipped template
Project Settings   [ScriptObject]  facets=<no Extender.Extensions>
PLCWinNT   [ScriptObject]  facets=<no Extender.Extensions>
  Plc Logic   [ScriptObject]  facets=<no Extender.Extensions>
    Application   [ScriptObject]  facets=<no Extender.Extensions>
      PLC_PRG   [ScriptObject]  facets=<no Extender.Extensions>
      Taskkonfiguration   [ScriptObject]  facets=<no Extender.Extensions>
        MainTask   [ScriptObject]  facets=<no Extender.Extensions>
          PLC_PRG   [ScriptObject]  facets=<no Extender.Extensions>
      Library Manager   [ScriptObject]  facets=<no Extender.Extensions>
__VisualizationStyle   [ScriptObject]  facets=<no Extender.Extensions>

MainTask found: True
MainTask.remove() returned

=== AFTER - the last task deleted
Project Settings   [ScriptObject]  facets=<no Extender.Extensions>
PLCWinNT   [ScriptObject]  facets=<no Extender.Extensions>
  Plc Logic   [ScriptObject]  facets=<no Extender.Extensions>
    Application   [ScriptObject]  facets=<no Extender.Extensions>
      PLC_PRG   [ScriptObject]  facets=<no Extender.Extensions>
      Taskkonfiguration   [ScriptObject]  facets=<no Extender.Extensions>
      Library Manager   [ScriptObject]  facets=<no Extender.Extensions>
__VisualizationStyle   [ScriptObject]  facets=<no Extender.Extensions>

Task Configuration still present: False

done
